// Jest Snapshot v1, https://goo.gl/fbAQLP

exports[`renders multiple styles 1`] = `
<div
  data-css-1el999n=""
/>
`;
